prisma/seed.ts(244,18): error TS2345: Argument of type '{ id: string; name: string; createdAt: Date; updatedAt: Date; subdomain: string | null; customDomain: string | null; domain: string; referralCode: string | null; ownerId: string | null; ... 28 more ...; referredByCode: string | null; }' is not assignable to parameter of type 'never'.
prisma/seed.ts(255,46): error TS2339: Property 'id' does not exist on type 'never'.
prisma/seed.ts(259,47): error TS2339: Property 'id' does not exist on type 'never'.
prisma/seed.ts(281,42): error TS2339: Property 'id' does not exist on type 'never'.
prisma/seed.ts(289,24): error TS2339: Property 'id' does not exist on type 'never'.
prisma/seed.ts(301,50): error TS2339: Property 'id' does not exist on type 'never'.
prisma/seed.ts(307,26): error TS2339: Property 'id' does not exist on type 'never'.
prisma/seed.ts(320,50): error TS2339: Property 'id' does not exist on type 'never'.
prisma/seed.ts(326,26): error TS2339: Property 'id' does not exist on type 'never'.
prisma/seed.ts(340,26): error TS2339: Property 'id' does not exist on type 'never'.
prisma/seed.ts(346,47): error TS2339: Property 'id' does not exist on type 'never'.
prisma/seed.ts(354,32): error TS2339: Property 'id' does not exist on type 'never'.
prisma/seed.ts(365,30): error TS2339: Property 'id' does not exist on type 'never'.
scripts/reseed-all.ts(140,7): error TS2322: Type '{ name: string; tenantId: string; }' is not assignable to type '(Without<BrandCreateInput, BrandUncheckedCreateInput> & BrandUncheckedCreateInput) | (Without<...> & BrandCreateInput)'.
  Type '{ name: string; tenantId: string; }' is not assignable to type 'Without<BrandCreateInput, BrandUncheckedCreateInput> & BrandUncheckedCreateInput'.
    Property 'slug' is missing in type '{ name: string; tenantId: string; }' but required in type 'BrandUncheckedCreateInput'.
scripts/reseed-all.ts(160,9): error TS2561: Object literal may only specify known properties, but 'categoryId' does not exist in type 'Without<ProductCreateInput, ProductUncheckedCreateInput> & ProductUncheckedCreateInput'. Did you mean to write 'categories'?
src/catalog/application/use-cases/products/create-product.use-case.ts(86,41): error TS1272: A type referenced in a decorated signature must be imported with 'import type' or a namespace import when 'isolatedModules' and 'emitDecoratorMetadata' are enabled.
src/catalog/application/use-cases/products/create-product.use-case.ts(88,42): error TS1272: A type referenced in a decorated signature must be imported with 'import type' or a namespace import when 'isolatedModules' and 'emitDecoratorMetadata' are enabled.
src/catalog/application/use-cases/products/create-product.use-case.ts(90,39): error TS1272: A type referenced in a decorated signature must be imported with 'import type' or a namespace import when 'isolatedModules' and 'emitDecoratorMetadata' are enabled.
src/catalog/application/use-cases/products/delete-product.use-case.ts(47,41): error TS1272: A type referenced in a decorated signature must be imported with 'import type' or a namespace import when 'isolatedModules' and 'emitDecoratorMetadata' are enabled.
src/catalog/application/use-cases/products/get-product.use-case.ts(48,41): error TS1272: A type referenced in a decorated signature must be imported with 'import type' or a namespace import when 'isolatedModules' and 'emitDecoratorMetadata' are enabled.
src/catalog/application/use-cases/products/list-products.use-case.ts(58,41): error TS1272: A type referenced in a decorated signature must be imported with 'import type' or a namespace import when 'isolatedModules' and 'emitDecoratorMetadata' are enabled.
src/catalog/application/use-cases/products/update-product.use-case.ts(80,41): error TS1272: A type referenced in a decorated signature must be imported with 'import type' or a namespace import when 'isolatedModules' and 'emitDecoratorMetadata' are enabled.
src/catalog/application/use-cases/products/update-product.use-case.ts(82,42): error TS1272: A type referenced in a decorated signature must be imported with 'import type' or a namespace import when 'isolatedModules' and 'emitDecoratorMetadata' are enabled.
src/catalog/application/use-cases/products/update-product.use-case.ts(84,39): error TS1272: A type referenced in a decorated signature must be imported with 'import type' or a namespace import when 'isolatedModules' and 'emitDecoratorMetadata' are enabled.
src/identity/auth/auth.service.spec.ts(208,21): error TS2339: Property 'accessToken' does not exist on type '{ accessToken: string; refreshToken: string; } | { mfaRequired: boolean; userId: string; }'.
  Property 'accessToken' does not exist on type '{ mfaRequired: boolean; userId: string; }'.
src/identity/auth/auth.service.spec.ts(209,21): error TS2339: Property 'refreshToken' does not exist on type '{ accessToken: string; refreshToken: string; } | { mfaRequired: boolean; userId: string; }'.
  Property 'refreshToken' does not exist on type '{ mfaRequired: boolean; userId: string; }'.
test/auth.e2e-spec.ts(118,43): error TS2339: Property 'find' does not exist on type 'string'.
test/auth.e2e-spec.ts(180,38): error TS2345: Argument of type '() => request.SuperTestStatic.Test | undefined' is not assignable to parameter of type 'ProvidesCallback | undefined'.
  Type '() => request.SuperTestStatic.Test | undefined' is not assignable to type '(cb: DoneCallback) => void | undefined'.
    Type 'Test | undefined' is not assignable to type 'void | undefined'.
      Type 'Test' is not assignable to type 'void'.
